// Jest Snapshot v1, https://goo.gl/fbAQLP

exports[`SearchButtonPanel - renders correctly 1`] = `
<View
  style={
    Object {
      "flex": 1,
    }
  }
>
  <View
    accessibilityComponentType={undefined}
    accessibilityLabel={undefined}
    accessibilityTraits={undefined}
    accessible={true}
    hitSlop={undefined}
    isTVSelectable={true}
    onLayout={undefined}
    onResponderGrant={[Function]}
    onResponderMove={[Function]}
    onResponderRelease={[Function]}
    onResponderTerminate={[Function]}
    onResponderTerminationRequest={[Function]}
    onStartShouldSetResponder={[Function]}
    style={
      Object {
        "alignItems": "center",
        "backgroundColor": "royalblue",
        "borderWidth": 2,
        "flex": 1,
        "flexDirection": "row",
        "justifyContent": "center",
        "marginBottom": 2.5,
        "marginLeft": 25,
        "marginRight": 25,
        "marginTop": 2.5,
        "opacity": 1,
      }
    }
    testID={undefined}
    tvParallaxProperties={undefined}
  >
    <Text
      accessible={true}
      allowFontScaling={false}
      ellipsizeMode="tail"
      style={
        Array [
          Object {
            "color": undefined,
            "fontSize": 12,
          },
          Object {
            "color": "white",
            "fontSize": 45,
            "fontWeight": "bold",
          },
          Object {
            "fontFamily": "Material Icons",
            "fontStyle": "normal",
            "fontWeight": "normal",
          },
        ]
      }
      theme={
        Object {
          "iconFamily": "MaterialIcons",
        }
      }
    >
      
    </Text>
    <Text
      accessible={true}
      allowFontScaling={true}
      ellipsizeMode="tail"
      style={
        Object {
          "color": "white",
          "fontSize": 32,
          "fontWeight": "bold",
        }
      }
    >
      Search Devices
    </Text>
  </View>
</View>
`;
